0 verbose cli /usr/local/bin/node /usr/local/lib/node_modules/npm/bin/npm-cli.js
1 info using npm@11.12.1
2 info using node@v24.15.0
3 silly config load:file:/usr/local/lib/node_modules/npm/npmrc
4 silly config load:file:/Users/xxd/Desktop/today/.npmrc
5 silly config load:file:/Users/xxd/.npmrc
6 silly config load:file:/Users/xxd/.npm-global/etc/npmrc
7 verbose title npm exec shadcn@latest init --defaults --template next --base radix --cwd /Users/xxd/Desktop/today
8 verbose argv "exec" "--" "shadcn@latest" "init" "--defaults" "--template" "next" "--base" "radix" "--cwd" "/Users/xxd/Desktop/today"
9 verbose logfile logs-max:10 dir:/Users/xxd/Desktop/today/.npm-cache/_logs/2026-05-08T09_53_17_814Z-
10 verbose logfile /Users/xxd/Desktop/today/.npm-cache/_logs/2026-05-08T09_53_17_814Z-debug-0.log
11 silly logfile done cleaning log files
12 silly packumentCache heap:4496293888 maxSize:1124073472 maxEntrySize:562036736
13 http fetch GET 200 https://registry.npmjs.org/shadcn 1025ms (cache revalidated)
14 silly packumentCache heap:4496293888 maxSize:1124073472 maxEntrySize:562036736
15 silly packumentCache heap:4496293888 maxSize:1124073472 maxEntrySize:562036736
16 verbose cwd /Users/xxd/Desktop/today
17 verbose os Darwin 25.3.0
18 verbose node v24.15.0
19 verbose npm  v11.12.1
20 verbose exit 0
21 info ok
