0 verbose cli /usr/local/bin/node /usr/local/bin/npm
1 info using npm@11.12.1
2 info using node@v24.15.0
3 silly config load:file:/usr/local/lib/node_modules/npm/npmrc
4 silly config load:file:/Users/xxd/Desktop/today/.npmrc
5 silly config load:file:/Users/xxd/.npmrc
6 silly config load:file:/Users/xxd/.npm-global/etc/npmrc
7 verbose title npm install @supabase/supabase-js @supabase/ssr framer-motion recharts zustand lucide-react class-variance-authority clsx tailwind-merge
8 verbose argv "install" "@supabase/supabase-js" "@supabase/ssr" "framer-motion" "recharts" "zustand" "lucide-react" "class-variance-authority" "clsx" "tailwind-merge"
9 verbose logfile logs-max:10 dir:/Users/xxd/Desktop/today/.npm-cache/_logs/2026-05-08T09_52_09_642Z-
10 verbose logfile /Users/xxd/Desktop/today/.npm-cache/_logs/2026-05-08T09_52_09_642Z-debug-0.log
11 silly logfile done cleaning log files
12 silly packumentCache heap:4496293888 maxSize:1124073472 maxEntrySize:562036736
13 verbose shrinkwrap failed to load node_modules/.package-lock.json out of date, updated: node_modules
14 silly idealTree buildDeps
15 silly fetch manifest @supabase/supabase-js@*
16 silly packumentCache full:https://registry.npmjs.org/@supabase%2fsupabase-js cache-miss
17 http fetch GET 200 https://registry.npmjs.org/@supabase%2fsupabase-js 2568ms (cache miss)
18 silly packumentCache full:https://registry.npmjs.org/@supabase%2fsupabase-js set size:undefined disposed:false
19 silly fetch manifest @supabase/ssr@*
20 silly packumentCache full:https://registry.npmjs.org/@supabase%2fssr cache-miss
21 http fetch GET 200 https://registry.npmjs.org/@supabase%2fssr 705ms (cache miss)
22 silly packumentCache full:https://registry.npmjs.org/@supabase%2fssr set size:undefined disposed:false
23 silly fetch manifest framer-motion@*
24 silly packumentCache full:https://registry.npmjs.org/framer-motion cache-miss
25 http fetch GET 200 https://registry.npmjs.org/framer-motion 764ms (cache miss)
26 silly packumentCache full:https://registry.npmjs.org/framer-motion set size:undefined disposed:false
27 silly fetch manifest @emotion/is-prop-valid@*
28 silly packumentCache full:https://registry.npmjs.org/@emotion%2fis-prop-valid cache-miss
29 http fetch GET 200 https://registry.npmjs.org/@emotion%2fis-prop-valid 520ms (cache miss)
30 silly packumentCache full:https://registry.npmjs.org/@emotion%2fis-prop-valid set size:undefined disposed:false
31 silly fetch manifest react@19.2.4
32 silly packumentCache full:https://registry.npmjs.org/react cache-miss
33 http cache https://registry.npmjs.org/react 9ms (cache hit)
34 silly packumentCache full:https://registry.npmjs.org/react set size:6646698 disposed:false
35 silly fetch manifest react-dom@19.2.4
36 silly packumentCache full:https://registry.npmjs.org/react-dom cache-miss
37 http cache https://registry.npmjs.org/react-dom 13ms (cache hit)
38 silly packumentCache full:https://registry.npmjs.org/react-dom set size:8862063 disposed:false
39 silly fetch manifest recharts@*
40 silly packumentCache full:https://registry.npmjs.org/recharts cache-miss
41 http fetch GET 200 https://registry.npmjs.org/recharts 250ms (cache miss)
42 silly packumentCache full:https://registry.npmjs.org/recharts set size:undefined disposed:false
43 silly fetch manifest react-is@^16.8.0 || ^17.0.0 || ^18.0.0 || ^19.0.0
44 silly packumentCache full:https://registry.npmjs.org/react-is cache-miss
45 http cache https://registry.npmjs.org/react-is 7ms (cache hit)
46 silly packumentCache full:https://registry.npmjs.org/react-is set size:5377799 disposed:false
47 silly fetch manifest zustand@*
48 silly packumentCache full:https://registry.npmjs.org/zustand cache-miss
49 http fetch GET 200 https://registry.npmjs.org/zustand 525ms (cache miss)
50 silly packumentCache full:https://registry.npmjs.org/zustand set size:undefined disposed:false
51 silly fetch manifest @types/react@^19
52 silly packumentCache full:https://registry.npmjs.org/@types%2freact cache-miss
53 http cache https://registry.npmjs.org/@types%2freact 7ms (cache hit)
54 silly packumentCache full:https://registry.npmjs.org/@types%2freact set size:2588964 disposed:false
55 silly fetch manifest immer@>=9.0.6
56 silly packumentCache full:https://registry.npmjs.org/immer cache-miss
57 http fetch GET 200 https://registry.npmjs.org/immer 543ms (cache miss)
58 silly packumentCache full:https://registry.npmjs.org/immer set size:undefined disposed:false
59 silly fetch manifest use-sync-external-store@>=1.2.0
60 silly packumentCache full:https://registry.npmjs.org/use-sync-external-store cache-miss
61 http fetch GET 200 https://registry.npmjs.org/use-sync-external-store 398ms (cache miss)
62 silly packumentCache full:https://registry.npmjs.org/use-sync-external-store set size:undefined disposed:false
63 silly fetch manifest lucide-react@*
64 silly packumentCache full:https://registry.npmjs.org/lucide-react cache-miss
65 http fetch GET 200 https://registry.npmjs.org/lucide-react 582ms (cache miss)
66 silly packumentCache full:https://registry.npmjs.org/lucide-react set size:undefined disposed:false
67 silly fetch manifest class-variance-authority@*
68 silly packumentCache full:https://registry.npmjs.org/class-variance-authority cache-miss
69 http fetch GET 200 https://registry.npmjs.org/class-variance-authority 228ms (cache miss)
70 silly packumentCache full:https://registry.npmjs.org/class-variance-authority set size:undefined disposed:false
71 silly fetch manifest clsx@*
72 silly packumentCache full:https://registry.npmjs.org/clsx cache-miss
73 http fetch GET 200 https://registry.npmjs.org/clsx 492ms (cache miss)
74 silly packumentCache full:https://registry.npmjs.org/clsx set size:undefined disposed:false
75 silly fetch manifest tailwind-merge@*
76 silly packumentCache full:https://registry.npmjs.org/tailwind-merge cache-miss
77 http fetch GET 200 https://registry.npmjs.org/tailwind-merge 260ms (cache miss)
78 silly packumentCache full:https://registry.npmjs.org/tailwind-merge set size:undefined disposed:false
79 silly placeDep ROOT @supabase/ssr@0.10.3 OK for: today-scaffold@0.1.0 want: *
80 silly placeDep ROOT @supabase/supabase-js@2.105.3 OK for: @supabase/ssr@0.10.3 want: ^2.105.3
81 silly placeDep ROOT @supabase/supabase-js@2.105.3 REPLACE for: today-scaffold@0.1.0 want: *
82 silly placeDep ROOT class-variance-authority@0.7.1 OK for: today-scaffold@0.1.0 want: *
83 silly placeDep ROOT clsx@2.1.1 OK for: today-scaffold@0.1.0 want: *
84 silly placeDep ROOT framer-motion@12.38.0 OK for: today-scaffold@0.1.0 want: *
85 silly placeDep ROOT lucide-react@1.14.0 OK for: today-scaffold@0.1.0 want: *
86 silly placeDep ROOT recharts@3.8.1 OK for: today-scaffold@0.1.0 want: *
87 silly placeDep ROOT tailwind-merge@3.5.0 OK for: today-scaffold@0.1.0 want: *
88 silly placeDep ROOT zustand@5.0.13 OK for: today-scaffold@0.1.0 want: *
89 silly fetch manifest cookie@^1.0.2
90 silly packumentCache full:https://registry.npmjs.org/cookie cache-miss
91 silly fetch manifest @supabase/auth-js@2.105.3
92 silly packumentCache full:https://registry.npmjs.org/@supabase%2fauth-js cache-miss
93 silly fetch manifest @supabase/storage-js@2.105.3
94 silly packumentCache full:https://registry.npmjs.org/@supabase%2fstorage-js cache-miss
95 silly fetch manifest @supabase/realtime-js@2.105.3
96 silly packumentCache full:https://registry.npmjs.org/@supabase%2frealtime-js cache-miss
97 silly fetch manifest @supabase/functions-js@2.105.3
98 silly packumentCache full:https://registry.npmjs.org/@supabase%2ffunctions-js cache-miss
99 silly fetch manifest @supabase/postgrest-js@2.105.3
100 silly packumentCache full:https://registry.npmjs.org/@supabase%2fpostgrest-js cache-miss
101 silly fetch manifest @supabase/auth-js@2.105.3
102 silly packumentCache full:https://registry.npmjs.org/@supabase%2fauth-js cache-miss
103 silly fetch manifest @supabase/storage-js@2.105.3
104 silly packumentCache full:https://registry.npmjs.org/@supabase%2fstorage-js cache-miss
105 silly fetch manifest @supabase/realtime-js@2.105.3
106 silly packumentCache full:https://registry.npmjs.org/@supabase%2frealtime-js cache-miss
107 http fetch GET 200 https://registry.npmjs.org/@supabase%2fstorage-js 535ms (cache miss)
108 silly packumentCache full:https://registry.npmjs.org/@supabase%2fstorage-js set size:undefined disposed:false
109 silly fetch manifest @supabase/functions-js@2.105.3
110 silly packumentCache full:https://registry.npmjs.org/@supabase%2ffunctions-js cache-miss
111 http fetch GET 200 https://registry.npmjs.org/cookie 776ms (cache miss)
112 silly packumentCache full:https://registry.npmjs.org/cookie set size:undefined disposed:false
113 silly fetch manifest @supabase/postgrest-js@2.105.3
114 silly packumentCache full:https://registry.npmjs.org/@supabase%2fpostgrest-js cache-miss
115 http fetch GET 200 https://registry.npmjs.org/@supabase%2ffunctions-js 268ms (cache miss)
116 silly packumentCache full:https://registry.npmjs.org/@supabase%2ffunctions-js set size:undefined disposed:false
117 silly fetch manifest clsx@^2.1.1
118 silly packumentCache full:https://registry.npmjs.org/clsx cache-miss
119 http cache https://registry.npmjs.org/clsx 4ms (cache hit)
120 silly packumentCache full:https://registry.npmjs.org/clsx set size:42506 disposed:false
121 silly fetch manifest motion-dom@^12.38.0
122 silly packumentCache full:https://registry.npmjs.org/motion-dom cache-miss
123 http fetch GET 200 https://registry.npmjs.org/@supabase%2ffunctions-js 989ms (cache miss)
124 silly packumentCache full:https://registry.npmjs.org/@supabase%2ffunctions-js set size:undefined disposed:false
125 silly fetch manifest motion-utils@^12.36.0
126 silly packumentCache full:https://registry.npmjs.org/motion-utils cache-miss
127 http fetch GET 200 https://registry.npmjs.org/@supabase%2fpostgrest-js 1081ms (cache miss)
128 silly packumentCache full:https://registry.npmjs.org/@supabase%2fpostgrest-js set size:undefined disposed:false
129 silly fetch manifest @reduxjs/toolkit@^1.9.0 || 2.x.x
130 silly packumentCache full:https://registry.npmjs.org/@reduxjs%2ftoolkit cache-miss
131 http fetch GET 200 https://registry.npmjs.org/@supabase%2frealtime-js 1095ms (cache miss)
132 silly packumentCache full:https://registry.npmjs.org/@supabase%2frealtime-js set size:undefined disposed:false
133 silly fetch manifest decimal.js-light@^2.5.1
134 silly packumentCache full:https://registry.npmjs.org/decimal.js-light cache-miss
135 http fetch GET 200 https://registry.npmjs.org/motion-utils 205ms (cache miss)
136 silly packumentCache full:https://registry.npmjs.org/motion-utils set size:undefined disposed:false
137 silly fetch manifest es-toolkit@^1.39.3
138 silly packumentCache full:https://registry.npmjs.org/es-toolkit cache-miss
139 http fetch GET 200 https://registry.npmjs.org/@supabase%2fpostgrest-js 516ms (cache miss)
140 silly packumentCache full:https://registry.npmjs.org/@supabase%2fpostgrest-js set size:undefined disposed:false
141 silly fetch manifest eventemitter3@^5.0.1
142 silly packumentCache full:https://registry.npmjs.org/eventemitter3 cache-miss
143 http fetch GET 200 https://registry.npmjs.org/decimal.js-light 213ms (cache miss)
144 silly packumentCache full:https://registry.npmjs.org/decimal.js-light set size:undefined disposed:false
145 silly fetch manifest immer@^10.1.1
146 silly packumentCache full:https://registry.npmjs.org/immer cache-miss
147 http cache https://registry.npmjs.org/immer 3ms (cache hit)
148 silly packumentCache full:https://registry.npmjs.org/immer set size:758059 disposed:false
149 silly fetch manifest react-redux@8.x.x || 9.x.x
150 silly packumentCache full:https://registry.npmjs.org/react-redux cache-miss
151 http fetch GET 200 https://registry.npmjs.org/@supabase%2frealtime-js 1325ms (cache miss)
152 silly packumentCache full:https://registry.npmjs.org/@supabase%2frealtime-js set size:undefined disposed:false
153 silly fetch manifest reselect@5.1.1
154 silly packumentCache full:https://registry.npmjs.org/reselect cache-miss
155 http fetch GET 200 https://registry.npmjs.org/@supabase%2fauth-js 1345ms (cache miss)
156 silly packumentCache full:https://registry.npmjs.org/@supabase%2fauth-js set size:undefined disposed:false
157 silly fetch manifest tiny-invariant@^1.3.3
158 silly packumentCache full:https://registry.npmjs.org/tiny-invariant cache-miss
159 http fetch GET 200 https://registry.npmjs.org/motion-dom 694ms (cache miss)
160 silly packumentCache full:https://registry.npmjs.org/motion-dom set size:undefined disposed:false
161 silly fetch manifest use-sync-external-store@^1.2.2
162 silly packumentCache full:https://registry.npmjs.org/use-sync-external-store cache-miss
163 http fetch GET 200 https://registry.npmjs.org/eventemitter3 220ms (cache miss)
164 silly packumentCache full:https://registry.npmjs.org/eventemitter3 set size:undefined disposed:false
165 silly fetch manifest victory-vendor@^37.0.2
166 silly packumentCache full:https://registry.npmjs.org/victory-vendor cache-miss
167 http cache https://registry.npmjs.org/use-sync-external-store 12ms (cache hit)
168 silly packumentCache full:https://registry.npmjs.org/use-sync-external-store set size:4670830 disposed:false
169 http fetch GET 200 https://registry.npmjs.org/tiny-invariant 219ms (cache miss)
170 silly packumentCache full:https://registry.npmjs.org/tiny-invariant set size:undefined disposed:false
171 http fetch GET 200 https://registry.npmjs.org/react-redux 277ms (cache miss)
172 silly packumentCache full:https://registry.npmjs.org/react-redux set size:undefined disposed:false
173 http fetch GET 200 https://registry.npmjs.org/@reduxjs%2ftoolkit 519ms (cache miss)
174 silly packumentCache full:https://registry.npmjs.org/@reduxjs%2ftoolkit set size:undefined disposed:false
175 http fetch GET 200 https://registry.npmjs.org/reselect 455ms (cache miss)
176 silly packumentCache full:https://registry.npmjs.org/reselect set size:undefined disposed:false
177 http fetch GET 200 https://registry.npmjs.org/@supabase%2fstorage-js 1803ms (cache miss)
178 silly packumentCache full:https://registry.npmjs.org/@supabase%2fstorage-js set size:undefined disposed:false
179 http fetch GET 200 https://registry.npmjs.org/es-toolkit 653ms (cache miss)
180 silly packumentCache full:https://registry.npmjs.org/es-toolkit set size:undefined disposed:false
181 http fetch GET 200 https://registry.npmjs.org/victory-vendor 785ms (cache miss)
182 silly packumentCache full:https://registry.npmjs.org/victory-vendor set size:undefined disposed:false
183 http fetch GET 200 https://registry.npmjs.org/@supabase%2fauth-js 2378ms (cache miss)
184 silly packumentCache full:https://registry.npmjs.org/@supabase%2fauth-js set size:undefined disposed:false
185 silly placeDep ROOT cookie@1.1.1 OK for: @supabase/ssr@0.10.3 want: ^1.0.2
186 silly placeDep ROOT @supabase/auth-js@2.105.3 OK for: @supabase/supabase-js@2.105.3 want: 2.105.3
187 silly placeDep ROOT @supabase/functions-js@2.105.3 OK for: @supabase/supabase-js@2.105.3 want: 2.105.3
188 silly placeDep ROOT @supabase/postgrest-js@2.105.3 OK for: @supabase/supabase-js@2.105.3 want: 2.105.3
189 silly placeDep ROOT @supabase/realtime-js@2.105.3 OK for: @supabase/supabase-js@2.105.3 want: 2.105.3
190 silly placeDep ROOT @supabase/storage-js@2.105.3 OK for: @supabase/supabase-js@2.105.3 want: 2.105.3
191 silly fetch manifest ws@^8.18.2
192 silly packumentCache full:https://registry.npmjs.org/ws cache-miss
193 silly fetch manifest @types/ws@^8.18.1
194 silly packumentCache full:https://registry.npmjs.org/@types%2fws cache-miss
195 silly fetch manifest @supabase/phoenix@^0.4.1
196 silly packumentCache full:https://registry.npmjs.org/@supabase%2fphoenix cache-miss
197 silly fetch manifest iceberg-js@^0.8.1
198 silly packumentCache full:https://registry.npmjs.org/iceberg-js cache-miss
199 http fetch GET 200 https://registry.npmjs.org/iceberg-js 212ms (cache miss)
200 silly packumentCache full:https://registry.npmjs.org/iceberg-js set size:undefined disposed:false
201 http fetch GET 200 https://registry.npmjs.org/@types%2fws 247ms (cache miss)
202 silly packumentCache full:https://registry.npmjs.org/@types%2fws set size:undefined disposed:false
203 http fetch GET 200 https://registry.npmjs.org/ws 291ms (cache miss)
204 silly packumentCache full:https://registry.npmjs.org/ws set size:undefined disposed:false
205 http fetch GET 200 https://registry.npmjs.org/@supabase%2fphoenix 855ms (cache miss)
206 silly packumentCache full:https://registry.npmjs.org/@supabase%2fphoenix set size:undefined disposed:false
207 silly fetch manifest bufferutil@^4.0.1
208 silly packumentCache full:https://registry.npmjs.org/bufferutil cache-miss
209 http fetch GET 200 https://registry.npmjs.org/bufferutil 639ms (cache miss)
210 silly packumentCache full:https://registry.npmjs.org/bufferutil set size:undefined disposed:false
211 silly fetch manifest utf-8-validate@>=5.0.2
212 silly packumentCache full:https://registry.npmjs.org/utf-8-validate cache-miss
213 http fetch GET 200 https://registry.npmjs.org/utf-8-validate 222ms (cache miss)
214 silly packumentCache full:https://registry.npmjs.org/utf-8-validate set size:undefined disposed:false
215 silly placeDep ROOT @supabase/phoenix@0.4.1 OK for: @supabase/realtime-js@2.105.3 want: ^0.4.1
216 silly placeDep ROOT @types/ws@8.18.1 OK for: @supabase/realtime-js@2.105.3 want: ^8.18.1
217 silly placeDep ROOT ws@8.20.0 OK for: @supabase/realtime-js@2.105.3 want: ^8.18.2
218 silly placeDep ROOT iceberg-js@0.8.1 OK for: @supabase/storage-js@2.105.3 want: ^0.8.1
219 silly placeDep ROOT motion-dom@12.38.0 OK for: framer-motion@12.38.0 want: ^12.38.0
220 silly placeDep ROOT motion-utils@12.36.0 OK for: framer-motion@12.38.0 want: ^12.36.0
221 silly fetch manifest react@^16.8.0 || ^17.0.0 || ^18.0.0 || ^19.0.0
222 silly packumentCache full:https://registry.npmjs.org/react cache-miss
223 http cache https://registry.npmjs.org/react 13ms (cache hit)
224 silly packumentCache full:https://registry.npmjs.org/react set size:6646698 disposed:false
225 silly fetch manifest @types/react@^18.2.25 || ^19
226 silly packumentCache full:https://registry.npmjs.org/@types%2freact cache-miss
227 http cache https://registry.npmjs.org/@types%2freact 7ms (cache hit)
228 silly packumentCache full:https://registry.npmjs.org/@types%2freact set size:2588964 disposed:false
229 silly fetch manifest redux@^5.0.0
230 silly packumentCache full:https://registry.npmjs.org/redux cache-miss
231 http fetch GET 200 https://registry.npmjs.org/redux 224ms (cache miss)
232 silly packumentCache full:https://registry.npmjs.org/redux set size:undefined disposed:false
233 silly placeDep ROOT @reduxjs/toolkit@2.11.2 OK for: recharts@3.8.1 want: ^1.9.0 || 2.x.x
234 silly placeDep ROOT decimal.js-light@2.5.1 OK for: recharts@3.8.1 want: ^2.5.1
235 silly placeDep ROOT es-toolkit@1.46.1 OK for: recharts@3.8.1 want: ^1.39.3
236 silly placeDep ROOT eventemitter3@5.0.4 OK for: recharts@3.8.1 want: ^5.0.1
237 silly placeDep ROOT immer@10.2.0 OK for: recharts@3.8.1 want: ^10.1.1
238 silly placeDep ROOT react-redux@9.2.0 OK for: recharts@3.8.1 want: 8.x.x || 9.x.x
239 silly placeDep ROOT reselect@5.1.1 OK for: recharts@3.8.1 want: 5.1.1
240 silly placeDep ROOT tiny-invariant@1.3.3 OK for: recharts@3.8.1 want: ^1.3.3
241 silly placeDep ROOT use-sync-external-store@1.6.0 OK for: recharts@3.8.1 want: ^1.2.2
242 silly placeDep ROOT victory-vendor@37.3.6 OK for: recharts@3.8.1 want: ^37.0.2
243 silly fetch manifest @standard-schema/spec@^1.0.0
244 silly packumentCache full:https://registry.npmjs.org/@standard-schema%2fspec cache-miss
245 silly fetch manifest @standard-schema/utils@^0.3.0
246 silly packumentCache full:https://registry.npmjs.org/@standard-schema%2futils cache-miss
247 silly fetch manifest immer@^11.0.0
248 silly packumentCache full:https://registry.npmjs.org/immer cache-hit
249 silly fetch manifest redux@^5.0.1
250 silly packumentCache full:https://registry.npmjs.org/redux cache-miss
251 silly fetch manifest redux-thunk@^3.1.0
252 silly packumentCache full:https://registry.npmjs.org/redux-thunk cache-miss
253 silly fetch manifest reselect@^5.1.0
254 silly packumentCache full:https://registry.npmjs.org/reselect cache-miss
255 silly fetch manifest @types/use-sync-external-store@^0.0.6
256 silly packumentCache full:https://registry.npmjs.org/@types%2fuse-sync-external-store cache-miss
257 silly fetch manifest use-sync-external-store@^1.4.0
258 silly packumentCache full:https://registry.npmjs.org/use-sync-external-store cache-miss
259 silly fetch manifest d3-ease@^3.0.1
260 silly packumentCache full:https://registry.npmjs.org/d3-ease cache-miss
261 silly fetch manifest d3-time@^3.0.0
262 silly packumentCache full:https://registry.npmjs.org/d3-time cache-miss
263 http cache https://registry.npmjs.org/redux 4ms (cache hit)
264 silly packumentCache full:https://registry.npmjs.org/redux set size:553833 disposed:false
265 silly fetch manifest d3-array@^3.1.6
266 silly packumentCache full:https://registry.npmjs.org/d3-array cache-miss
267 http cache https://registry.npmjs.org/reselect 8ms (cache hit)
268 silly packumentCache full:https://registry.npmjs.org/reselect set size:910470 disposed:false
269 silly fetch manifest d3-scale@^4.0.2
270 silly packumentCache full:https://registry.npmjs.org/d3-scale cache-miss
271 http cache https://registry.npmjs.org/use-sync-external-store 16ms (cache hit)
272 silly packumentCache full:https://registry.npmjs.org/use-sync-external-store set size:4670830 disposed:false
273 silly fetch manifest d3-shape@^3.1.0
274 silly packumentCache full:https://registry.npmjs.org/d3-shape cache-miss
275 http fetch GET 200 https://registry.npmjs.org/@types%2fuse-sync-external-store 223ms (cache miss)
276 silly packumentCache full:https://registry.npmjs.org/@types%2fuse-sync-external-store set size:undefined disposed:false
277 silly fetch manifest d3-timer@^3.0.1
278 silly packumentCache full:https://registry.npmjs.org/d3-timer cache-miss
279 http fetch GET 200 https://registry.npmjs.org/@standard-schema%2fspec 225ms (cache miss)
280 silly packumentCache full:https://registry.npmjs.org/@standard-schema%2fspec set size:undefined disposed:false
281 silly fetch manifest @types/d3-ease@^3.0.0
282 silly packumentCache full:https://registry.npmjs.org/@types%2fd3-ease cache-miss
283 http fetch GET 200 https://registry.npmjs.org/d3-ease 225ms (cache miss)
284 silly packumentCache full:https://registry.npmjs.org/d3-ease set size:undefined disposed:false
285 silly fetch manifest @types/d3-time@^3.0.0
286 silly packumentCache full:https://registry.npmjs.org/@types%2fd3-time cache-miss
287 http fetch GET 200 https://registry.npmjs.org/d3-shape 221ms (cache miss)
288 silly packumentCache full:https://registry.npmjs.org/d3-shape set size:undefined disposed:false
289 silly fetch manifest d3-interpolate@^3.0.1
290 silly packumentCache full:https://registry.npmjs.org/d3-interpolate cache-miss
291 http fetch GET 200 https://registry.npmjs.org/d3-array 248ms (cache miss)
292 silly packumentCache full:https://registry.npmjs.org/d3-array set size:undefined disposed:false
293 silly fetch manifest @types/d3-array@^3.0.3
294 silly packumentCache full:https://registry.npmjs.org/@types%2fd3-array cache-miss
295 http fetch GET 200 https://registry.npmjs.org/@standard-schema%2futils 280ms (cache miss)
296 silly packumentCache full:https://registry.npmjs.org/@standard-schema%2futils set size:undefined disposed:false
297 silly fetch manifest @types/d3-scale@^4.0.2
298 silly packumentCache full:https://registry.npmjs.org/@types%2fd3-scale cache-miss
299 http fetch GET 200 https://registry.npmjs.org/d3-time 289ms (cache miss)
300 silly packumentCache full:https://registry.npmjs.org/d3-time set size:undefined disposed:false
301 silly fetch manifest @types/d3-shape@^3.1.0
302 silly packumentCache full:https://registry.npmjs.org/@types%2fd3-shape cache-miss
303 http fetch GET 200 https://registry.npmjs.org/redux-thunk 400ms (cache miss)
304 silly packumentCache full:https://registry.npmjs.org/redux-thunk set size:undefined disposed:false
305 silly fetch manifest @types/d3-timer@^3.0.0
306 silly packumentCache full:https://registry.npmjs.org/@types%2fd3-timer cache-miss
307 http fetch GET 200 https://registry.npmjs.org/d3-timer 216ms (cache miss)
308 silly packumentCache full:https://registry.npmjs.org/d3-timer set size:undefined disposed:false
309 silly fetch manifest @types/d3-interpolate@^3.0.1
310 silly packumentCache full:https://registry.npmjs.org/@types%2fd3-interpolate cache-miss
311 http fetch GET 200 https://registry.npmjs.org/@types%2fd3-time 225ms (cache miss)
312 silly packumentCache full:https://registry.npmjs.org/@types%2fd3-time set size:undefined disposed:false
313 http fetch GET 200 https://registry.npmjs.org/@types%2fd3-ease 228ms (cache miss)
314 silly packumentCache full:https://registry.npmjs.org/@types%2fd3-ease set size:undefined disposed:false
315 http fetch GET 200 https://registry.npmjs.org/d3-interpolate 208ms (cache miss)
316 silly packumentCache full:https://registry.npmjs.org/d3-interpolate set size:undefined disposed:false
317 http fetch GET 200 https://registry.npmjs.org/@types%2fd3-array 225ms (cache miss)
318 silly packumentCache full:https://registry.npmjs.org/@types%2fd3-array set size:undefined disposed:false
319 http fetch GET 200 https://registry.npmjs.org/d3-scale 546ms (cache miss)
320 silly packumentCache full:https://registry.npmjs.org/d3-scale set size:undefined disposed:false
321 http fetch GET 200 https://registry.npmjs.org/@types%2fd3-shape 291ms (cache miss)
322 silly packumentCache full:https://registry.npmjs.org/@types%2fd3-shape set size:undefined disposed:false
323 http fetch GET 200 https://registry.npmjs.org/@types%2fd3-timer 217ms (cache miss)
324 silly packumentCache full:https://registry.npmjs.org/@types%2fd3-timer set size:undefined disposed:false
325 http fetch GET 200 https://registry.npmjs.org/@types%2fd3-interpolate 228ms (cache miss)
326 silly packumentCache full:https://registry.npmjs.org/@types%2fd3-interpolate set size:undefined disposed:false
327 http fetch GET 200 https://registry.npmjs.org/@types%2fd3-scale 913ms (cache miss)
328 silly packumentCache full:https://registry.npmjs.org/@types%2fd3-scale set size:undefined disposed:false
329 silly placeDep ROOT @standard-schema/spec@1.1.0 OK for: @reduxjs/toolkit@2.11.2 want: ^1.0.0
330 silly placeDep ROOT @standard-schema/utils@0.3.0 OK for: @reduxjs/toolkit@2.11.2 want: ^0.3.0
331 silly placeDep node_modules/@reduxjs/toolkit immer@11.1.7 OK for: @reduxjs/toolkit@2.11.2 want: ^11.0.0
332 silly placeDep ROOT redux@5.0.1 OK for: @reduxjs/toolkit@2.11.2 want: ^5.0.1
333 silly placeDep ROOT redux-thunk@3.1.0 OK for: @reduxjs/toolkit@2.11.2 want: ^3.1.0
334 silly placeDep ROOT @types/use-sync-external-store@0.0.6 OK for: react-redux@9.2.0 want: ^0.0.6
335 silly placeDep ROOT @types/d3-array@3.2.2 OK for: victory-vendor@37.3.6 want: ^3.0.3
336 silly placeDep ROOT @types/d3-ease@3.0.2 OK for: victory-vendor@37.3.6 want: ^3.0.0
337 silly placeDep ROOT @types/d3-interpolate@3.0.4 OK for: victory-vendor@37.3.6 want: ^3.0.1
338 silly placeDep ROOT @types/d3-scale@4.0.9 OK for: victory-vendor@37.3.6 want: ^4.0.2
339 silly placeDep ROOT @types/d3-shape@3.1.8 OK for: victory-vendor@37.3.6 want: ^3.1.0
340 silly placeDep ROOT @types/d3-time@3.0.4 OK for: victory-vendor@37.3.6 want: ^3.0.0
341 silly placeDep ROOT @types/d3-timer@3.0.2 OK for: victory-vendor@37.3.6 want: ^3.0.0
342 silly placeDep ROOT d3-array@3.2.4 OK for: victory-vendor@37.3.6 want: ^3.1.6
343 silly placeDep ROOT d3-ease@3.0.1 OK for: victory-vendor@37.3.6 want: ^3.0.1
344 silly placeDep ROOT d3-interpolate@3.0.1 OK for: victory-vendor@37.3.6 want: ^3.0.1
345 silly placeDep ROOT d3-scale@4.0.2 OK for: victory-vendor@37.3.6 want: ^4.0.2
346 silly placeDep ROOT d3-shape@3.2.0 OK for: victory-vendor@37.3.6 want: ^3.1.0
347 silly placeDep ROOT d3-time@3.1.0 OK for: victory-vendor@37.3.6 want: ^3.0.0
348 silly placeDep ROOT d3-timer@3.0.1 OK for: victory-vendor@37.3.6 want: ^3.0.1
349 silly fetch manifest @types/d3-color@*
350 silly packumentCache full:https://registry.npmjs.org/@types%2fd3-color cache-miss
351 silly fetch manifest @types/d3-time@*
352 silly packumentCache full:https://registry.npmjs.org/@types%2fd3-time cache-miss
353 silly fetch manifest @types/d3-path@*
354 silly packumentCache full:https://registry.npmjs.org/@types%2fd3-path cache-miss
355 silly fetch manifest internmap@1 - 2
356 silly packumentCache full:https://registry.npmjs.org/internmap cache-miss
357 silly fetch manifest d3-color@1 - 3
358 silly packumentCache full:https://registry.npmjs.org/d3-color cache-miss
359 silly fetch manifest d3-format@1 - 3
360 silly packumentCache full:https://registry.npmjs.org/d3-format cache-miss
361 silly fetch manifest d3-time@2.1.1 - 3
362 silly packumentCache full:https://registry.npmjs.org/d3-time cache-miss
363 silly fetch manifest d3-time-format@2 - 4
364 silly packumentCache full:https://registry.npmjs.org/d3-time-format cache-miss
365 silly fetch manifest d3-path@^3.1.0
366 silly packumentCache full:https://registry.npmjs.org/d3-path cache-miss
367 http cache https://registry.npmjs.org/d3-time 6ms (cache hit)
368 silly packumentCache full:https://registry.npmjs.org/d3-time set size:150406 disposed:false
369 http cache https://registry.npmjs.org/@types%2fd3-time 8ms (cache hit)
370 silly packumentCache full:https://registry.npmjs.org/@types%2fd3-time set size:52652 disposed:false
371 http fetch GET 200 https://registry.npmjs.org/internmap 207ms (cache miss)
372 silly packumentCache full:https://registry.npmjs.org/internmap set size:undefined disposed:false
373 http fetch GET 200 https://registry.npmjs.org/d3-path 232ms (cache miss)
374 silly packumentCache full:https://registry.npmjs.org/d3-path set size:undefined disposed:false
375 http fetch GET 200 https://registry.npmjs.org/@types%2fd3-path 234ms (cache miss)
376 silly packumentCache full:https://registry.npmjs.org/@types%2fd3-path set size:undefined disposed:false
377 http fetch GET 200 https://registry.npmjs.org/d3-color 234ms (cache miss)
378 silly packumentCache full:https://registry.npmjs.org/d3-color set size:undefined disposed:false
379 http fetch GET 200 https://registry.npmjs.org/@types%2fd3-color 236ms (cache miss)
380 silly packumentCache full:https://registry.npmjs.org/@types%2fd3-color set size:undefined disposed:false
381 http fetch GET 200 https://registry.npmjs.org/d3-time-format 455ms (cache miss)
382 silly packumentCache full:https://registry.npmjs.org/d3-time-format set size:undefined disposed:false
383 http fetch GET 200 https://registry.npmjs.org/d3-format 505ms (cache miss)
384 silly packumentCache full:https://registry.npmjs.org/d3-format set size:undefined disposed:false
385 silly placeDep ROOT @types/d3-color@3.1.3 OK for: @types/d3-interpolate@3.0.4 want: *
386 silly placeDep ROOT @types/d3-path@3.1.1 OK for: @types/d3-shape@3.1.8 want: *
387 silly placeDep ROOT internmap@2.0.3 OK for: d3-array@3.2.4 want: 1 - 2
388 silly placeDep ROOT d3-color@3.1.0 OK for: d3-interpolate@3.0.1 want: 1 - 3
389 silly placeDep ROOT d3-format@3.1.2 OK for: d3-scale@4.0.2 want: 1 - 3
390 silly placeDep ROOT d3-time-format@4.1.0 OK for: d3-scale@4.0.2 want: 2 - 4
391 silly placeDep ROOT d3-path@3.1.0 OK for: d3-shape@3.2.0 want: ^3.1.0
392 silly reify moves {}
393 silly audit bulk request {
393 silly audit   '@alloc/quick-lru': [ '5.2.0' ],
393 silly audit   '@babel/code-frame': [ '7.29.0' ],
393 silly audit   '@babel/compat-data': [ '7.29.3' ],
393 silly audit   '@babel/core': [ '7.29.0' ],
393 silly audit   '@babel/generator': [ '7.29.1' ],
393 silly audit   '@babel/helper-compilation-targets': [ '7.28.6' ],
393 silly audit   '@babel/helper-globals': [ '7.28.0' ],
393 silly audit   '@babel/helper-module-imports': [ '7.28.6' ],
393 silly audit   '@babel/helper-module-transforms': [ '7.28.6' ],
393 silly audit   '@babel/helper-string-parser': [ '7.27.1' ],
393 silly audit   '@babel/helper-validator-identifier': [ '7.28.5' ],
393 silly audit   '@babel/helper-validator-option': [ '7.27.1' ],
393 silly audit   '@babel/helpers': [ '7.29.2' ],
393 silly audit   '@babel/parser': [ '7.29.3' ],
393 silly audit   '@babel/template': [ '7.28.6' ],
393 silly audit   '@babel/traverse': [ '7.29.0' ],
393 silly audit   '@babel/types': [ '7.29.0' ],
393 silly audit   '@emnapi/core': [ '1.10.0' ],
393 silly audit   '@emnapi/runtime': [ '1.10.0' ],
393 silly audit   '@emnapi/wasi-threads': [ '1.2.1' ],
393 silly audit   '@eslint-community/eslint-utils': [ '4.9.1' ],
393 silly audit   'eslint-visitor-keys': [ '3.4.3', '5.0.1', '4.2.1' ],
393 silly audit   '@eslint-community/regexpp': [ '4.12.2' ],
393 silly audit   '@eslint/config-array': [ '0.21.2' ],
393 silly audit   '@eslint/config-helpers': [ '0.4.2' ],
393 silly audit   '@eslint/core': [ '0.17.0' ],
393 silly audit   '@eslint/eslintrc': [ '3.3.5' ],
393 silly audit   '@eslint/js': [ '9.39.4' ],
393 silly audit   '@eslint/object-schema': [ '2.1.7' ],
393 silly audit   '@eslint/plugin-kit': [ '0.4.1' ],
393 silly audit   '@humanfs/core': [ '0.19.2' ],
393 silly audit   '@humanfs/node': [ '0.16.8' ],
393 silly audit   '@humanfs/types': [ '0.15.0' ],
393 silly audit   '@humanwhocodes/module-importer': [ '1.0.1' ],
393 silly audit   '@humanwhocodes/retry': [ '0.4.3' ],
393 silly audit   '@img/colour': [ '1.1.0' ],
393 silly audit   '@img/sharp-darwin-arm64': [ '0.34.5' ],
393 silly audit   '@img/sharp-darwin-x64': [ '0.34.5' ],
393 silly audit   '@img/sharp-libvips-darwin-arm64': [ '1.2.4' ],
393 silly audit   '@img/sharp-libvips-darwin-x64': [ '1.2.4' ],
393 silly audit   '@img/sharp-libvips-linux-arm': [ '1.2.4' ],
393 silly audit   '@img/sharp-libvips-linux-arm64': [ '1.2.4' ],
393 silly audit   '@img/sharp-libvips-linux-ppc64': [ '1.2.4' ],
393 silly audit   '@img/sharp-libvips-linux-riscv64': [ '1.2.4' ],
393 silly audit   '@img/sharp-libvips-linux-s390x': [ '1.2.4' ],
393 silly audit   '@img/sharp-libvips-linux-x64': [ '1.2.4' ],
393 silly audit   '@img/sharp-libvips-linuxmusl-arm64': [ '1.2.4' ],
393 silly audit   '@img/sharp-libvips-linuxmusl-x64': [ '1.2.4' ],
393 silly audit   '@img/sharp-linux-arm': [ '0.34.5' ],
393 silly audit   '@img/sharp-linux-arm64': [ '0.34.5' ],
393 silly audit   '@img/sharp-linux-ppc64': [ '0.34.5' ],
393 silly audit   '@img/sharp-linux-riscv64': [ '0.34.5' ],
393 silly audit   '@img/sharp-linux-s390x': [ '0.34.5' ],
393 silly audit   '@img/sharp-linux-x64': [ '0.34.5' ],
393 silly audit   '@img/sharp-linuxmusl-arm64': [ '0.34.5' ],
393 silly audit   '@img/sharp-linuxmusl-x64': [ '0.34.5' ],
393 silly audit   '@img/sharp-wasm32': [ '0.34.5' ],
393 silly audit   '@img/sharp-win32-arm64': [ '0.34.5' ],
393 silly audit   '@img/sharp-win32-ia32': [ '0.34.5' ],
393 silly audit   '@img/sharp-win32-x64': [ '0.34.5' ],
393 silly audit   '@jridgewell/gen-mapping': [ '0.3.13' ],
393 silly audit   '@jridgewell/remapping': [ '2.3.5' ],
393 silly audit   '@jridgewell/resolve-uri': [ '3.1.2' ],
393 silly audit   '@jridgewell/sourcemap-codec': [ '1.5.5' ],
393 silly audit   '@jridgewell/trace-mapping': [ '0.3.31' ],
393 silly audit   '@napi-rs/wasm-runtime': [ '0.2.12' ],
393 silly audit   '@next/env': [ '16.2.6' ],
393 silly audit   '@next/eslint-plugin-next': [ '16.2.6' ],
393 silly audit   '@next/swc-darwin-arm64': [ '16.2.6' ],
393 silly audit   '@next/swc-darwin-x64': [ '16.2.6' ],
393 silly audit   '@next/swc-linux-arm64-gnu': [ '16.2.6' ],
393 silly audit   '@next/swc-linux-arm64-musl': [ '16.2.6' ],
393 silly audit   '@next/swc-linux-x64-gnu': [ '16.2.6' ],
393 silly audit   '@next/swc-linux-x64-musl': [ '16.2.6' ],
393 silly audit   '@next/swc-win32-arm64-msvc': [ '16.2.6' ],
393 silly audit   '@next/swc-win32-x64-msvc': [ '16.2.6' ],
393 silly audit   '@nodelib/fs.scandir': [ '2.1.5' ],
393 silly audit   '@nodelib/fs.stat': [ '2.0.5' ],
393 silly audit   '@nodelib/fs.walk': [ '1.2.8' ],
393 silly audit   '@nolyfill/is-core-module': [ '1.0.39' ],
393 silly audit   '@rtsao/scc': [ '1.1.0' ],
393 silly audit   '@swc/helpers': [ '0.5.15' ],
393 silly audit   '@tailwindcss/node': [ '4.2.4' ],
393 silly audit   '@tailwindcss/oxide': [ '4.2.4' ],
393 silly audit   '@tailwindcss/oxide-android-arm64': [ '4.2.4' ],
393 silly audit   '@tailwindcss/oxide-darwin-arm64': [ '4.2.4' ],
393 silly audit   '@tailwindcss/oxide-darwin-x64': [ '4.2.4' ],
393 silly audit   '@tailwindcss/oxide-freebsd-x64': [ '4.2.4' ],
393 silly audit   '@tailwindcss/oxide-linux-arm-gnueabihf': [ '4.2.4' ],
393 silly audit   '@tailwindcss/oxide-linux-arm64-gnu': [ '4.2.4' ],
393 silly audit   '@tailwindcss/oxide-linux-arm64-musl': [ '4.2.4' ],
393 silly audit   '@tailwindcss/oxide-linux-x64-gnu': [ '4.2.4' ],
393 silly audit   '@tailwindcss/oxide-linux-x64-musl': [ '4.2.4' ],
393 silly audit   '@tailwindcss/oxide-wasm32-wasi': [ '4.2.4' ],
393 silly audit   '@tailwindcss/oxide-win32-arm64-msvc': [ '4.2.4' ],
393 silly audit   '@tailwindcss/oxide-win32-x64-msvc': [ '4.2.4' ],
393 silly audit   '@tailwindcss/postcss': [ '4.2.4' ],
393 silly audit   '@tybys/wasm-util': [ '0.10.2' ],
393 silly audit   '@types/estree': [ '1.0.9' ],
393 silly audit   '@types/json-schema': [ '7.0.15' ],
393 silly audit   '@types/json5': [ '0.0.29' ],
393 silly audit   '@types/node': [ '20.19.40' ],
393 silly audit   '@types/react': [ '19.2.14' ],
393 silly audit   '@types/react-dom': [ '19.2.3' ],
393 silly audit   '@typescript-eslint/eslint-plugin': [ '8.59.2' ],
393 silly audit   ignore: [ '7.0.5', '5.3.2' ],
393 silly audit   '@typescript-eslint/parser': [ '8.59.2' ],
393 silly audit   '@typescript-eslint/project-service': [ '8.59.2' ],
393 silly audit   '@typescript-eslint/scope-manager': [ '8.59.2' ],
393 silly audit   '@typescript-eslint/tsconfig-utils': [ '8.59.2' ],
393 silly audit   '@typescript-eslint/type-utils': [ '8.59.2' ],
393 silly audit   '@typescript-eslint/types': [ '8.59.2' ],
393 silly audit   '@typescript-eslint/typescript-estree': [ '8.59.2' ],
393 silly audit   'balanced-match': [ '4.0.4', '1.0.2' ],
393 silly audit   'brace-expansion': [ '5.0.6', '1.1.14' ],
393 silly audit   minimatch: [ '10.2.5', '3.1.5' ],
393 silly audit   semver: [ '7.7.4', '6.3.1' ],
393 silly audit   '@typescript-eslint/utils': [ '8.59.2' ],
393 silly audit   '@typescript-eslint/visitor-keys': [ '8.59.2' ],
393 silly audit   '@unrs/resolver-binding-android-arm-eabi': [ '1.11.1' ],
393 silly audit   '@unrs/resolver-binding-android-arm64': [ '1.11.1' ],
393 silly audit   '@unrs/resolver-binding-darwin-arm64': [ '1.11.1' ],
393 silly audit   '@unrs/resolver-binding-darwin-x64': [ '1.11.1' ],
393 silly audit   '@unrs/resolver-binding-freebsd-x64': [ '1.11.1' ],
393 silly audit   '@unrs/resolver-binding-linux-arm-gnueabihf': [ '1.11.1' ],
393 silly audit   '@unrs/resolver-binding-linux-arm-musleabihf': [ '1.11.1' ],
393 silly audit   '@unrs/resolver-binding-linux-arm64-gnu': [ '1.11.1' ],
393 silly audit   '@unrs/resolver-binding-linux-arm64-musl': [ '1.11.1' ],
393 silly audit   '@unrs/resolver-binding-linux-ppc64-gnu': [ '1.11.1' ],
393 silly audit   '@unrs/resolver-binding-linux-riscv64-gnu': [ '1.11.1' ],
393 silly audit   '@unrs/resolver-binding-linux-riscv64-musl': [ '1.11.1' ],
393 silly audit   '@unrs/resolver-binding-linux-s390x-gnu': [ '1.11.1' ],
393 silly audit   '@unrs/resolver-binding-linux-x64-gnu': [ '1.11.1' ],
393 silly audit   '@unrs/resolver-binding-linux-x64-musl': [ '1.11.1' ],
393 silly audit   '@unrs/resolver-binding-wasm32-wasi': [ '1.11.1' ],
393 silly audit   '@unrs/resolver-binding-win32-arm64-msvc': [ '1.11.1' ],
393 silly audit   '@unrs/resolver-binding-win32-ia32-msvc': [ '1.11.1' ],
393 silly audit   '@unrs/resolver-binding-win32-x64-msvc': [ '1.11.1' ],
393 silly audit   acorn: [ '8.16.0' ],
393 silly audit   'acorn-jsx': [ '5.3.2' ],
393 silly audit   ajv: [ '6.15.0' ],
393 silly audit   'ansi-styles': [ '4.3.0' ],
393 silly audit   argparse: [ '2.0.1' ],
393 silly audit   'aria-query': [ '5.3.2' ],
393 silly audit   'array-buffer-byte-length': [ '1.0.2' ],
393 silly audit   'array-includes': [ '3.1.9' ],
393 silly audit   'array.prototype.findlast': [ '1.2.5' ],
393 silly audit   'array.prototype.findlastindex': [ '1.2.6' ],
393 silly audit   'array.prototype.flat': [ '1.3.3' ],
393 silly audit   'array.prototype.flatmap': [ '1.3.3' ],
393 silly audit   'array.prototype.tosorted': [ '1.1.4' ],
393 silly audit   'arraybuffer.prototype.slice': [ '1.0.4' ],
393 silly audit   'ast-types-flow': [ '0.0.8' ],
393 silly audit   'async-function': [ '1.0.0' ],
393 silly audit   'available-typed-arrays': [ '1.0.7' ],
393 silly audit   'axe-core': [ '4.11.4' ],
393 silly audit   'axobject-query': [ '4.1.0' ],
393 silly audit   'baseline-browser-mapping': [ '2.10.27' ],
393 silly audit   braces: [ '3.0.3' ],
393 silly audit   browserslist: [ '4.28.2' ],
393 silly audit   'call-bind': [ '1.0.9' ],
393 silly audit   'call-bind-apply-helpers': [ '1.0.2' ],
393 silly audit   'call-bound': [ '1.0.4' ],
393 silly audit   callsites: [ '3.1.0' ],
393 silly audit   'caniuse-lite': [ '1.0.30001792' ],
393 silly audit   chalk: [ '4.1.2' ],
393 silly audit   'client-only': [ '0.0.1' ],
393 silly audit   'color-convert': [ '2.0.1' ],
393 silly audit   'color-name': [ '1.1.4' ],
393 silly audit   'concat-map': [ '0.0.1' ],
393 silly audit   'convert-source-map': [ '2.0.0' ],
393 silly audit   'cross-spawn': [ '7.0.6' ],
393 silly audit   csstype: [ '3.2.3' ],
393 silly audit   'damerau-levenshtein': [ '1.0.8' ],
393 silly audit   'data-view-buffer': [ '1.0.2' ],
393 silly audit   'data-view-byte-length': [ '1.0.2' ],
393 silly audit   'data-view-byte-offset': [ '1.0.1' ],
393 silly audit   debug: [ '4.4.3', '3.2.7' ],
393 silly audit   'deep-is': [ '0.1.4' ],
393 silly audit   'define-data-property': [ '1.1.4' ],
393 silly audit   'define-properties': [ '1.2.1' ],
393 silly audit   'detect-libc': [ '2.1.2' ],
393 silly audit   doctrine: [ '2.1.0' ],
393 silly audit   'dunder-proto': [ '1.0.1' ],
393 silly audit   'electron-to-chromium': [ '1.5.352' ],
393 silly audit   'emoji-regex': [ '9.2.2' ],
393 silly audit   'enhanced-resolve': [ '5.21.1' ],
393 silly audit   'es-abstract': [ '1.24.2' ],
393 silly audit   'es-define-property': [ '1.0.1' ],
393 silly audit   'es-errors': [ '1.3.0' ],
393 silly audit   'es-iterator-helpers': [ '1.3.2' ],
393 silly audit   'es-object-atoms': [ '1.1.1' ],
393 silly audit   'es-set-tostringtag': [ '2.1.0' ],
393 silly audit   'es-shim-unscopables': [ '1.1.0' ],
393 silly audit   'es-to-primitive': [ '1.3.0' ],
393 silly audit   escalade: [ '3.2.0' ],
393 silly audit   'escape-string-regexp': [ '4.0.0' ],
393 silly audit   eslint: [ '9.39.4' ],
393 silly audit   'eslint-config-next': [ '16.2.6' ],
393 silly audit   globals: [ '16.4.0', '14.0.0' ],
393 silly audit   'eslint-import-resolver-node': [ '0.3.10' ],
393 silly audit   'eslint-import-resolver-typescript': [ '3.10.1' ],
393 silly audit   'eslint-module-utils': [ '2.12.1' ],
393 silly audit   'eslint-plugin-import': [ '2.32.0' ],
393 silly audit   'eslint-plugin-jsx-a11y': [ '6.10.2' ],
393 silly audit   'eslint-plugin-react': [ '7.37.5' ],
393 silly audit   'eslint-plugin-react-hooks': [ '7.1.1' ],
393 silly audit   'eslint-scope': [ '8.4.0' ],
393 silly audit   espree: [ '10.4.0' ],
393 silly audit   esquery: [ '1.7.0' ],
393 silly audit   esrecurse: [ '4.3.0' ],
393 silly audit   estraverse: [ '5.3.0' ],
393 silly audit   esutils: [ '2.0.3' ],
393 silly audit   'fast-deep-equal': [ '3.1.3' ],
393 silly audit   'fast-glob': [ '3.3.1' ],
393 silly audit   'glob-parent': [ '5.1.2', '6.0.2' ],
393 silly audit   'fast-json-stable-stringify': [ '2.1.0' ],
393 silly audit   'fast-levenshtein': [ '2.0.6' ],
393 silly audit   fastq: [ '1.20.1' ],
393 silly audit   'file-entry-cache': [ '8.0.0' ],
393 silly audit   'fill-range': [ '7.1.1' ],
393 silly audit   'find-up': [ '5.0.0' ],
393 silly audit   'flat-cache': [ '4.0.1' ],
393 silly audit   flatted: [ '3.4.2' ],
393 silly audit   'for-each': [ '0.3.5' ],
393 silly audit   'function-bind': [ '1.1.2' ],
393 silly audit   'function.prototype.name': [ '1.1.8' ],
393 silly audit   'functions-have-names': [ '1.2.3' ],
393 silly audit   'generator-function': [ '2.0.1' ],
393 silly audit   gensync: [ '1.0.0-beta.2' ],
393 silly audit   'get-intrinsic': [ '1.3.0' ],
393 silly audit   'get-proto': [ '1.0.1' ],
393 silly audit   'get-symbol-description': [ '1.1.0' ],
393 silly audit   'get-tsconfig': [ '4.14.0' ],
393 silly audit   globalthis: [ '1.0.4' ],
393 silly audit   gopd: [ '1.2.0' ],
393 silly audit   'graceful-fs': [ '4.2.11' ],
393 silly audit   'has-bigints': [ '1.1.0' ],
393 silly audit   'has-flag': [ '4.0.0' ],
393 silly audit   'has-property-descriptors': [ '1.0.2' ],
393 silly audit   'has-proto': [ '1.2.0' ],
393 silly audit   'has-symbols': [ '1.1.0' ],
393 silly audit   'has-tostringtag': [ '1.0.2' ],
393 silly audit   hasown: [ '2.0.3' ],
393 silly audit   'hermes-estree': [ '0.25.1' ],
393 silly audit   'hermes-parser': [ '0.25.1' ],
393 silly audit   'import-fresh': [ '3.3.1' ],
393 silly audit   imurmurhash: [ '0.1.4' ],
393 silly audit   'internal-slot': [ '1.1.0' ],
393 silly audit   'is-array-buffer': [ '3.0.5' ],
393 silly audit   'is-async-function': [ '2.1.1' ],
393 silly audit   'is-bigint': [ '1.1.0' ],
393 silly audit   'is-boolean-object': [ '1.2.2' ],
393 silly audit   'is-bun-module': [ '2.0.0' ],
393 silly audit   'is-callable': [ '1.2.7' ],
393 silly audit   'is-core-module': [ '2.16.2' ],
393 silly audit   'is-data-view': [ '1.0.2' ],
393 silly audit   'is-date-object': [ '1.1.0' ],
393 silly audit   'is-extglob': [ '2.1.1' ],
393 silly audit   'is-finalizationregistry': [ '1.1.1' ],
393 silly audit   'is-generator-function': [ '1.1.2' ],
393 silly audit   'is-glob': [ '4.0.3' ],
393 silly audit   'is-map': [ '2.0.3' ],
393 silly audit   'is-negative-zero': [ '2.0.3' ],
393 silly audit   'is-number': [ '7.0.0' ],
393 silly audit   'is-number-object': [ '1.1.1' ],
393 silly audit   'is-regex': [ '1.2.1' ],
393 silly audit   'is-set': [ '2.0.3' ],
393 silly audit   'is-shared-array-buffer': [ '1.0.4' ],
393 silly audit   'is-string': [ '1.1.1' ],
393 silly audit   'is-symbol': [ '1.1.1' ],
393 silly audit   'is-typed-array': [ '1.1.15' ],
393 silly audit   'is-weakmap': [ '2.0.2' ],
393 silly audit   'is-weakref': [ '1.1.1' ],
393 silly audit   'is-weakset': [ '2.0.4' ],
393 silly audit   isarray: [ '2.0.5' ],
393 silly audit   isexe: [ '2.0.0' ],
393 silly audit   'iterator.prototype': [ '1.1.5' ],
393 silly audit   jiti: [ '2.7.0' ],
393 silly audit   'js-tokens': [ '4.0.0' ],
393 silly audit   'js-yaml': [ '4.1.1' ],
393 silly audit   jsesc: [ '3.1.0' ],
393 silly audit   'json-buffer': [ '3.0.1' ],
393 silly audit   'json-schema-traverse': [ '0.4.1' ],
393 silly audit   'json-stable-stringify-without-jsonify': [ '1.0.1' ],
393 silly audit   json5: [ '2.2.3', '1.0.2' ],
393 silly audit   'jsx-ast-utils': [ '3.3.5' ],
393 silly audit   keyv: [ '4.5.4' ],
393 silly audit   'language-subtag-registry': [ '0.3.23' ],
393 silly audit   'language-tags': [ '1.0.9' ],
393 silly audit   levn: [ '0.4.1' ],
393 silly audit   lightningcss: [ '1.32.0' ],
393 silly audit   'lightningcss-android-arm64': [ '1.32.0' ],
393 silly audit   'lightningcss-darwin-arm64': [ '1.32.0' ],
393 silly audit   'lightningcss-darwin-x64': [ '1.32.0' ],
393 silly audit   'lightningcss-freebsd-x64': [ '1.32.0' ],
393 silly audit   'lightningcss-linux-arm-gnueabihf': [ '1.32.0' ],
393 silly audit   'lightningcss-linux-arm64-gnu': [ '1.32.0' ],
393 silly audit   'lightningcss-linux-arm64-musl': [ '1.32.0' ],
393 silly audit   'lightningcss-linux-x64-gnu': [ '1.32.0' ],
393 silly audit   'lightningcss-linux-x64-musl': [ '1.32.0' ],
393 silly audit   'lightningcss-win32-arm64-msvc': [ '1.32.0' ],
393 silly audit   'lightningcss-win32-x64-msvc': [ '1.32.0' ],
393 silly audit   'locate-path': [ '6.0.0' ],
393 silly audit   'lodash.merge': [ '4.6.2' ],
393 silly audit   'loose-envify': [ '1.4.0' ],
393 silly audit   'lru-cache': [ '5.1.1' ],
393 silly audit   'magic-string': [ '0.30.21' ],
393 silly audit   'math-intrinsics': [ '1.1.0' ],
393 silly audit   merge2: [ '1.4.1' ],
393 silly audit   micromatch: [ '4.0.8' ],
393 silly audit   minimist: [ '1.2.8' ],
393 silly audit   ms: [ '2.1.3' ],
393 silly audit   nanoid: [ '3.3.12' ],
393 silly audit   'napi-postinstall': [ '0.3.4' ],
393 silly audit   'natural-compare': [ '1.4.0' ],
393 silly audit   next: [ '16.2.6' ],
393 silly audit   postcss: [ '8.4.31', '8.5.14' ],
393 silly audit   'node-exports-info': [ '1.6.0' ],
393 silly audit   'node-releases': [ '2.0.38' ],
393 silly audit   'object-assign': [ '4.1.1' ],
393 silly audit   'object-inspect': [ '1.13.4' ],
393 silly audit   'object-keys': [ '1.1.1' ],
393 silly audit   'object.assign': [ '4.1.7' ],
393 silly audit   'object.entries': [ '1.1.9' ],
393 silly audit   'object.fromentries': [ '2.0.8' ],
393 silly audit   'object.groupby': [ '1.0.3' ],
393 silly audit   'object.values': [ '1.2.1' ],
393 silly audit   optionator: [ '0.9.4' ],
393 silly audit   'own-keys': [ '1.0.1' ],
393 silly audit   'p-limit': [ '3.1.0' ],
393 silly audit   'p-locate': [ '5.0.0' ],
393 silly audit   'parent-module': [ '1.0.1' ],
393 silly audit   'path-exists': [ '4.0.0' ],
393 silly audit   'path-key': [ '3.1.1' ],
393 silly audit   'path-parse': [ '1.0.7' ],
393 silly audit   picocolors: [ '1.1.1' ],
393 silly audit   picomatch: [ '2.3.2', '4.0.4' ],
393 silly audit   'possible-typed-array-names': [ '1.1.0' ],
393 silly audit   'prelude-ls': [ '1.2.1' ],
393 silly audit   'prop-types': [ '15.8.1' ],
393 silly audit   punycode: [ '2.3.1' ],
393 silly audit   'queue-microtask': [ '1.2.3' ],
393 silly audit   react: [ '19.2.4' ],
393 silly audit   'react-dom': [ '19.2.4' ],
393 silly audit   'react-is': [ '16.13.1' ],
393 silly audit   'reflect.getprototypeof': [ '1.0.10' ],
393 silly audit   'regexp.prototype.flags': [ '1.5.4' ],
393 silly audit   resolve: [ '2.0.0-next.6' ],
393 silly audit   'resolve-from': [ '4.0.0' ],
393 silly audit   'resolve-pkg-maps': [ '1.0.0' ],
393 silly audit   reusify: [ '1.1.0' ],
393 silly audit   'run-parallel': [ '1.2.0' ],
393 silly audit   'safe-array-concat': [ '1.1.4' ],
393 silly audit   'safe-push-apply': [ '1.0.0' ],
393 silly audit   'safe-regex-test': [ '1.1.0' ],
393 silly audit   scheduler: [ '0.27.0' ],
393 silly audit   'set-function-length': [ '1.2.2' ],
393 silly audit   'set-function-name': [ '2.0.2' ],
393 silly audit   'set-proto': [ '1.0.0' ],
393 silly audit   sharp: [ '0.34.5' ],
393 silly audit   'shebang-command': [ '2.0.0' ],
393 silly audit   'shebang-regex': [ '3.0.0' ],
393 silly audit   'side-channel': [ '1.1.0' ],
393 silly audit   'side-channel-list': [ '1.0.1' ],
393 silly audit   'side-channel-map': [ '1.0.1' ],
393 silly audit   'side-channel-weakmap': [ '1.0.2' ],
393 silly audit   'source-map-js': [ '1.2.1' ],
393 silly audit   'stable-hash': [ '0.0.5' ],
393 silly audit   'stop-iteration-iterator': [ '1.1.0' ],
393 silly audit   'string.prototype.includes': [ '2.0.1' ],
393 silly audit   'string.prototype.matchall': [ '4.0.12' ],
393 silly audit   'string.prototype.repeat': [ '1.0.0' ],
393 silly audit   'string.prototype.trim': [ '1.2.10' ],
393 silly audit   'string.prototype.trimend': [ '1.0.9' ],
393 silly audit   'string.prototype.trimstart': [ '1.0.8' ],
393 silly audit   'strip-bom': [ '3.0.0' ],
393 silly audit   'strip-json-comments': [ '3.1.1' ],
393 silly audit   'styled-jsx': [ '5.1.6' ],
393 silly audit   'supports-color': [ '7.2.0' ],
393 silly audit   'supports-preserve-symlinks-flag': [ '1.0.0' ],
393 silly audit   tailwindcss: [ '4.2.4' ],
393 silly audit   tapable: [ '2.3.3' ],
393 silly audit   tinyglobby: [ '0.2.16' ],
393 silly audit   fdir: [ '6.5.0' ],
393 silly audit   'to-regex-range': [ '5.0.1' ],
393 silly audit   'ts-api-utils': [ '2.5.0' ],
393 silly audit   'tsconfig-paths': [ '3.15.0' ],
393 silly audit   tslib: [ '2.8.1' ],
393 silly audit   'type-check': [ '0.4.0' ],
393 silly audit   'typed-array-buffer': [ '1.0.3' ],
393 silly audit   'typed-array-byte-length': [ '1.0.3' ],
393 silly audit   'typed-array-byte-offset': [ '1.0.4' ],
393 silly audit   'typed-array-length': [ '1.0.7' ],
393 silly audit   typescript: [ '5.9.3' ],
393 silly audit   'typescript-eslint': [ '8.59.2' ],
393 silly audit   'unbox-primitive': [ '1.1.0' ],
393 silly audit   'undici-types': [ '6.21.0' ],
393 silly audit   'unrs-resolver': [ '1.11.1' ],
393 silly audit   'update-browserslist-db': [ '1.2.3' ],
393 silly audit   'uri-js': [ '4.4.1' ],
393 silly audit   which: [ '2.0.2' ],
393 silly audit   'which-boxed-primitive': [ '1.1.1' ],
393 silly audit   'which-builtin-type': [ '1.2.1' ],
393 silly audit   'which-collection': [ '1.0.2' ],
393 silly audit   'which-typed-array': [ '1.1.20' ],
393 silly audit   'word-wrap': [ '1.2.5' ],
393 silly audit   yallist: [ '3.1.1' ],
393 silly audit   'yocto-queue': [ '0.1.0' ],
393 silly audit   zod: [ '4.4.3' ],
393 silly audit   'zod-validation-error': [ '4.0.2' ],
393 silly audit   '@supabase/ssr': [ '0.10.3' ],
393 silly audit   '@supabase/supabase-js': [ '2.105.3' ],
393 silly audit   'class-variance-authority': [ '0.7.1' ],
393 silly audit   clsx: [ '2.1.1' ],
393 silly audit   'framer-motion': [ '12.38.0' ],
393 silly audit   'lucide-react': [ '1.14.0' ],
393 silly audit   recharts: [ '3.8.1' ],
393 silly audit   'tailwind-merge': [ '3.5.0' ],
393 silly audit   zustand: [ '5.0.13' ],
393 silly audit   cookie: [ '1.1.1' ],
393 silly audit   '@supabase/auth-js': [ '2.105.3' ],
393 silly audit   '@supabase/functions-js': [ '2.105.3' ],
393 silly audit   '@supabase/postgrest-js': [ '2.105.3' ],
393 silly audit   '@supabase/realtime-js': [ '2.105.3' ],
393 silly audit   '@supabase/storage-js': [ '2.105.3' ],
393 silly audit   '@supabase/phoenix': [ '0.4.1' ],
393 silly audit   '@types/ws': [ '8.18.1' ],
393 silly audit   ws: [ '8.20.0' ],
393 silly audit   'iceberg-js': [ '0.8.1' ],
393 silly audit   'motion-dom': [ '12.38.0' ],
393 silly audit   'motion-utils': [ '12.36.0' ],
393 silly audit   '@reduxjs/toolkit': [ '2.11.2' ],
393 silly audit   'decimal.js-light': [ '2.5.1' ],
393 silly audit   'es-toolkit': [ '1.46.1' ],
393 silly audit   eventemitter3: [ '5.0.4' ],
393 silly audit   immer: [ '10.2.0', '11.1.7' ],
393 silly audit   'react-redux': [ '9.2.0' ],
393 silly audit   reselect: [ '5.1.1' ],
393 silly audit   'tiny-invariant': [ '1.3.3' ],
393 silly audit   'use-sync-external-store': [ '1.6.0' ],
393 silly audit   'victory-vendor': [ '37.3.6' ],
393 silly audit   '@standard-schema/spec': [ '1.1.0' ],
393 silly audit   '@standard-schema/utils': [ '0.3.0' ],
393 silly audit   redux: [ '5.0.1' ],
393 silly audit   'redux-thunk': [ '3.1.0' ],
393 silly audit   '@types/use-sync-external-store': [ '0.0.6' ],
393 silly audit   '@types/d3-array': [ '3.2.2' ],
393 silly audit   '@types/d3-ease': [ '3.0.2' ],
393 silly audit   '@types/d3-interpolate': [ '3.0.4' ],
393 silly audit   '@types/d3-scale': [ '4.0.9' ],
393 silly audit   '@types/d3-shape': [ '3.1.8' ],
393 silly audit   '@types/d3-time': [ '3.0.4' ],
393 silly audit   '@types/d3-timer': [ '3.0.2' ],
393 silly audit   'd3-array': [ '3.2.4' ],
393 silly audit   'd3-ease': [ '3.0.1' ],
393 silly audit   'd3-interpolate': [ '3.0.1' ],
393 silly audit   'd3-scale': [ '4.0.2' ],
393 silly audit   'd3-shape': [ '3.2.0' ],
393 silly audit   'd3-time': [ '3.1.0' ],
393 silly audit   'd3-timer': [ '3.0.1' ],
393 silly audit   '@types/d3-color': [ '3.1.3' ],
393 silly audit   '@types/d3-path': [ '3.1.1' ],
393 silly audit   internmap: [ '2.0.3' ],
393 silly audit   'd3-color': [ '3.1.0' ],
393 silly audit   'd3-format': [ '3.1.2' ],
393 silly audit   'd3-time-format': [ '4.1.0' ],
393 silly audit   'd3-path': [ '3.1.0' ]
393 silly audit }
394 http cache d3-path@https://registry.npmjs.org/d3-path/-/d3-path-3.1.0.tgz 0ms (cache hit)
395 http cache d3-color@https://registry.npmjs.org/d3-color/-/d3-color-3.1.0.tgz 0ms (cache hit)
396 http cache internmap@https://registry.npmjs.org/internmap/-/internmap-2.0.3.tgz 0ms (cache hit)
397 http cache d3-time-format@https://registry.npmjs.org/d3-time-format/-/d3-time-format-4.1.0.tgz 0ms (cache hit)
398 http cache @types/d3-color@https://registry.npmjs.org/@types/d3-color/-/d3-color-3.1.3.tgz 0ms (cache hit)
399 http cache d3-timer@https://registry.npmjs.org/d3-timer/-/d3-timer-3.0.1.tgz 0ms (cache hit)
400 http cache d3-time@https://registry.npmjs.org/d3-time/-/d3-time-3.1.0.tgz 0ms (cache hit)
401 http cache d3-shape@https://registry.npmjs.org/d3-shape/-/d3-shape-3.2.0.tgz 0ms (cache hit)
402 http cache d3-format@https://registry.npmjs.org/d3-format/-/d3-format-3.1.2.tgz 0ms (cache hit)
403 http cache @types/d3-path@https://registry.npmjs.org/@types/d3-path/-/d3-path-3.1.1.tgz 0ms (cache hit)
404 http cache d3-interpolate@https://registry.npmjs.org/d3-interpolate/-/d3-interpolate-3.0.1.tgz 0ms (cache hit)
405 http cache d3-scale@https://registry.npmjs.org/d3-scale/-/d3-scale-4.0.2.tgz 0ms (cache hit)
406 http cache d3-array@https://registry.npmjs.org/d3-array/-/d3-array-3.2.4.tgz 0ms (cache hit)
407 http cache @types/d3-timer@https://registry.npmjs.org/@types/d3-timer/-/d3-timer-3.0.2.tgz 0ms (cache hit)
408 http cache @types/d3-shape@https://registry.npmjs.org/@types/d3-shape/-/d3-shape-3.1.8.tgz 0ms (cache hit)
409 http cache @types/d3-time@https://registry.npmjs.org/@types/d3-time/-/d3-time-3.0.4.tgz 0ms (cache hit)
410 http cache @types/d3-interpolate@https://registry.npmjs.org/@types/d3-interpolate/-/d3-interpolate-3.0.4.tgz 0ms (cache hit)
411 http cache @types/d3-scale@https://registry.npmjs.org/@types/d3-scale/-/d3-scale-4.0.9.tgz 0ms (cache hit)
412 http cache @types/d3-array@https://registry.npmjs.org/@types/d3-array/-/d3-array-3.2.2.tgz 0ms (cache hit)
413 http cache redux@https://registry.npmjs.org/redux/-/redux-5.0.1.tgz 0ms (cache hit)
414 http cache redux-thunk@https://registry.npmjs.org/redux-thunk/-/redux-thunk-3.1.0.tgz 0ms (cache hit)
415 http cache @standard-schema/utils@https://registry.npmjs.org/@standard-schema/utils/-/utils-0.3.0.tgz 0ms (cache hit)
416 http cache @standard-schema/spec@https://registry.npmjs.org/@standard-schema/spec/-/spec-1.1.0.tgz 0ms (cache hit)
417 http cache @types/d3-ease@https://registry.npmjs.org/@types/d3-ease/-/d3-ease-3.0.2.tgz 0ms (cache hit)
418 http cache @types/use-sync-external-store@https://registry.npmjs.org/@types/use-sync-external-store/-/use-sync-external-store-0.0.6.tgz 0ms (cache hit)
419 http cache victory-vendor@https://registry.npmjs.org/victory-vendor/-/victory-vendor-37.3.6.tgz 0ms (cache hit)
420 http cache use-sync-external-store@https://registry.npmjs.org/use-sync-external-store/-/use-sync-external-store-1.6.0.tgz 0ms (cache hit)
421 http cache tiny-invariant@https://registry.npmjs.org/tiny-invariant/-/tiny-invariant-1.3.3.tgz 0ms (cache hit)
422 http cache react-redux@https://registry.npmjs.org/react-redux/-/react-redux-9.2.0.tgz 0ms (cache hit)
423 http cache d3-ease@https://registry.npmjs.org/d3-ease/-/d3-ease-3.0.1.tgz 0ms (cache hit)
424 http cache immer@https://registry.npmjs.org/immer/-/immer-10.2.0.tgz 0ms (cache hit)
425 http cache reselect@https://registry.npmjs.org/reselect/-/reselect-5.1.1.tgz 0ms (cache hit)
426 http cache decimal.js-light@https://registry.npmjs.org/decimal.js-light/-/decimal.js-light-2.5.1.tgz 0ms (cache hit)
427 http cache eventemitter3@https://registry.npmjs.org/eventemitter3/-/eventemitter3-5.0.4.tgz 0ms (cache hit)
428 http cache @reduxjs/toolkit@https://registry.npmjs.org/@reduxjs/toolkit/-/toolkit-2.11.2.tgz 0ms (cache hit)
429 http cache motion-utils@https://registry.npmjs.org/motion-utils/-/motion-utils-12.36.0.tgz 0ms (cache hit)
430 http cache es-toolkit@https://registry.npmjs.org/es-toolkit/-/es-toolkit-1.46.1.tgz 0ms (cache hit)
431 http cache motion-dom@https://registry.npmjs.org/motion-dom/-/motion-dom-12.38.0.tgz 0ms (cache hit)
432 http cache iceberg-js@https://registry.npmjs.org/iceberg-js/-/iceberg-js-0.8.1.tgz 0ms (cache hit)
433 http cache ws@https://registry.npmjs.org/ws/-/ws-8.20.0.tgz 0ms (cache hit)
434 http cache @supabase/phoenix@https://registry.npmjs.org/@supabase/phoenix/-/phoenix-0.4.1.tgz 0ms (cache hit)
435 http cache @types/ws@https://registry.npmjs.org/@types/ws/-/ws-8.18.1.tgz 0ms (cache hit)
436 http cache @supabase/postgrest-js@https://registry.npmjs.org/@supabase/postgrest-js/-/postgrest-js-2.105.3.tgz 0ms (cache hit)
437 http cache @supabase/functions-js@https://registry.npmjs.org/@supabase/functions-js/-/functions-js-2.105.3.tgz 0ms (cache hit)
438 http cache @supabase/storage-js@https://registry.npmjs.org/@supabase/storage-js/-/storage-js-2.105.3.tgz 0ms (cache hit)
439 http cache @supabase/realtime-js@https://registry.npmjs.org/@supabase/realtime-js/-/realtime-js-2.105.3.tgz 0ms (cache hit)
440 http cache @supabase/auth-js@https://registry.npmjs.org/@supabase/auth-js/-/auth-js-2.105.3.tgz 0ms (cache hit)
441 http cache cookie@https://registry.npmjs.org/cookie/-/cookie-1.1.1.tgz 0ms (cache hit)
442 http cache recharts@https://registry.npmjs.org/recharts/-/recharts-3.8.1.tgz 0ms (cache hit)
443 http cache lucide-react@https://registry.npmjs.org/lucide-react/-/lucide-react-1.14.0.tgz 0ms (cache hit)
444 http cache zustand@https://registry.npmjs.org/zustand/-/zustand-5.0.13.tgz 0ms (cache hit)
445 http cache framer-motion@https://registry.npmjs.org/framer-motion/-/framer-motion-12.38.0.tgz 0ms (cache hit)
446 http cache class-variance-authority@https://registry.npmjs.org/class-variance-authority/-/class-variance-authority-0.7.1.tgz 0ms (cache hit)
447 http cache clsx@https://registry.npmjs.org/clsx/-/clsx-2.1.1.tgz 0ms (cache hit)
448 http cache tailwind-merge@https://registry.npmjs.org/tailwind-merge/-/tailwind-merge-3.5.0.tgz 0ms (cache hit)
449 http cache @supabase/ssr@https://registry.npmjs.org/@supabase/ssr/-/ssr-0.10.3.tgz 0ms (cache hit)
450 http cache @supabase/supabase-js@https://registry.npmjs.org/@supabase/supabase-js/-/supabase-js-2.105.3.tgz 0ms (cache hit)
451 http cache immer@https://registry.npmjs.org/immer/-/immer-11.1.7.tgz 0ms (cache hit)
452 silly tarball no local data for d3-path@https://registry.npmjs.org/d3-path/-/d3-path-3.1.0.tgz. Extracting by manifest.
453 silly tarball no local data for internmap@https://registry.npmjs.org/internmap/-/internmap-2.0.3.tgz. Extracting by manifest.
454 silly tarball no local data for d3-time-format@https://registry.npmjs.org/d3-time-format/-/d3-time-format-4.1.0.tgz. Extracting by manifest.
455 silly tarball no local data for d3-color@https://registry.npmjs.org/d3-color/-/d3-color-3.1.0.tgz. Extracting by manifest.
456 silly tarball no local data for @types/d3-color@https://registry.npmjs.org/@types/d3-color/-/d3-color-3.1.3.tgz. Extracting by manifest.
457 silly tarball no local data for d3-timer@https://registry.npmjs.org/d3-timer/-/d3-timer-3.0.1.tgz. Extracting by manifest.
458 silly tarball no local data for d3-time@https://registry.npmjs.org/d3-time/-/d3-time-3.1.0.tgz. Extracting by manifest.
459 silly tarball no local data for d3-shape@https://registry.npmjs.org/d3-shape/-/d3-shape-3.2.0.tgz. Extracting by manifest.
460 silly tarball no local data for d3-format@https://registry.npmjs.org/d3-format/-/d3-format-3.1.2.tgz. Extracting by manifest.
461 silly tarball no local data for @types/d3-path@https://registry.npmjs.org/@types/d3-path/-/d3-path-3.1.1.tgz. Extracting by manifest.
462 silly tarball no local data for d3-interpolate@https://registry.npmjs.org/d3-interpolate/-/d3-interpolate-3.0.1.tgz. Extracting by manifest.
463 silly tarball no local data for d3-scale@https://registry.npmjs.org/d3-scale/-/d3-scale-4.0.2.tgz. Extracting by manifest.
464 silly tarball no local data for d3-array@https://registry.npmjs.org/d3-array/-/d3-array-3.2.4.tgz. Extracting by manifest.
465 silly tarball no local data for @types/d3-timer@https://registry.npmjs.org/@types/d3-timer/-/d3-timer-3.0.2.tgz. Extracting by manifest.
466 silly tarball no local data for @types/d3-shape@https://registry.npmjs.org/@types/d3-shape/-/d3-shape-3.1.8.tgz. Extracting by manifest.
467 silly tarball no local data for @types/d3-time@https://registry.npmjs.org/@types/d3-time/-/d3-time-3.0.4.tgz. Extracting by manifest.
468 silly tarball no local data for @types/d3-scale@https://registry.npmjs.org/@types/d3-scale/-/d3-scale-4.0.9.tgz. Extracting by manifest.
469 silly tarball no local data for @types/d3-interpolate@https://registry.npmjs.org/@types/d3-interpolate/-/d3-interpolate-3.0.4.tgz. Extracting by manifest.
470 silly tarball no local data for @types/d3-array@https://registry.npmjs.org/@types/d3-array/-/d3-array-3.2.2.tgz. Extracting by manifest.
471 silly tarball no local data for redux-thunk@https://registry.npmjs.org/redux-thunk/-/redux-thunk-3.1.0.tgz. Extracting by manifest.
472 silly tarball no local data for redux@https://registry.npmjs.org/redux/-/redux-5.0.1.tgz. Extracting by manifest.
473 silly tarball no local data for @standard-schema/utils@https://registry.npmjs.org/@standard-schema/utils/-/utils-0.3.0.tgz. Extracting by manifest.
474 silly tarball no local data for @standard-schema/spec@https://registry.npmjs.org/@standard-schema/spec/-/spec-1.1.0.tgz. Extracting by manifest.
475 silly tarball no local data for @types/d3-ease@https://registry.npmjs.org/@types/d3-ease/-/d3-ease-3.0.2.tgz. Extracting by manifest.
476 silly tarball no local data for @types/use-sync-external-store@https://registry.npmjs.org/@types/use-sync-external-store/-/use-sync-external-store-0.0.6.tgz. Extracting by manifest.
477 silly tarball no local data for victory-vendor@https://registry.npmjs.org/victory-vendor/-/victory-vendor-37.3.6.tgz. Extracting by manifest.
478 silly tarball no local data for use-sync-external-store@https://registry.npmjs.org/use-sync-external-store/-/use-sync-external-store-1.6.0.tgz. Extracting by manifest.
479 silly tarball no local data for tiny-invariant@https://registry.npmjs.org/tiny-invariant/-/tiny-invariant-1.3.3.tgz. Extracting by manifest.
480 silly tarball no local data for react-redux@https://registry.npmjs.org/react-redux/-/react-redux-9.2.0.tgz. Extracting by manifest.
481 silly tarball no local data for d3-ease@https://registry.npmjs.org/d3-ease/-/d3-ease-3.0.1.tgz. Extracting by manifest.
482 silly tarball no local data for decimal.js-light@https://registry.npmjs.org/decimal.js-light/-/decimal.js-light-2.5.1.tgz. Extracting by manifest.
483 silly tarball no local data for immer@https://registry.npmjs.org/immer/-/immer-10.2.0.tgz. Extracting by manifest.
484 silly tarball no local data for reselect@https://registry.npmjs.org/reselect/-/reselect-5.1.1.tgz. Extracting by manifest.
485 silly tarball no local data for eventemitter3@https://registry.npmjs.org/eventemitter3/-/eventemitter3-5.0.4.tgz. Extracting by manifest.
486 silly tarball no local data for @reduxjs/toolkit@https://registry.npmjs.org/@reduxjs/toolkit/-/toolkit-2.11.2.tgz. Extracting by manifest.
487 silly tarball no local data for motion-utils@https://registry.npmjs.org/motion-utils/-/motion-utils-12.36.0.tgz. Extracting by manifest.
488 silly tarball no local data for es-toolkit@https://registry.npmjs.org/es-toolkit/-/es-toolkit-1.46.1.tgz. Extracting by manifest.
489 silly tarball no local data for iceberg-js@https://registry.npmjs.org/iceberg-js/-/iceberg-js-0.8.1.tgz. Extracting by manifest.
490 silly tarball no local data for motion-dom@https://registry.npmjs.org/motion-dom/-/motion-dom-12.38.0.tgz. Extracting by manifest.
491 silly tarball no local data for ws@https://registry.npmjs.org/ws/-/ws-8.20.0.tgz. Extracting by manifest.
492 silly tarball no local data for @supabase/phoenix@https://registry.npmjs.org/@supabase/phoenix/-/phoenix-0.4.1.tgz. Extracting by manifest.
493 silly tarball no local data for @types/ws@https://registry.npmjs.org/@types/ws/-/ws-8.18.1.tgz. Extracting by manifest.
494 silly tarball no local data for @supabase/postgrest-js@https://registry.npmjs.org/@supabase/postgrest-js/-/postgrest-js-2.105.3.tgz. Extracting by manifest.
495 silly tarball no local data for @supabase/functions-js@https://registry.npmjs.org/@supabase/functions-js/-/functions-js-2.105.3.tgz. Extracting by manifest.
496 silly tarball no local data for @supabase/storage-js@https://registry.npmjs.org/@supabase/storage-js/-/storage-js-2.105.3.tgz. Extracting by manifest.
497 silly tarball no local data for @supabase/auth-js@https://registry.npmjs.org/@supabase/auth-js/-/auth-js-2.105.3.tgz. Extracting by manifest.
498 silly tarball no local data for cookie@https://registry.npmjs.org/cookie/-/cookie-1.1.1.tgz. Extracting by manifest.
499 silly tarball no local data for @supabase/realtime-js@https://registry.npmjs.org/@supabase/realtime-js/-/realtime-js-2.105.3.tgz. Extracting by manifest.
500 silly tarball no local data for recharts@https://registry.npmjs.org/recharts/-/recharts-3.8.1.tgz. Extracting by manifest.
501 silly tarball no local data for lucide-react@https://registry.npmjs.org/lucide-react/-/lucide-react-1.14.0.tgz. Extracting by manifest.
502 silly tarball no local data for zustand@https://registry.npmjs.org/zustand/-/zustand-5.0.13.tgz. Extracting by manifest.
503 silly tarball no local data for framer-motion@https://registry.npmjs.org/framer-motion/-/framer-motion-12.38.0.tgz. Extracting by manifest.
504 silly tarball no local data for class-variance-authority@https://registry.npmjs.org/class-variance-authority/-/class-variance-authority-0.7.1.tgz. Extracting by manifest.
505 silly tarball no local data for clsx@https://registry.npmjs.org/clsx/-/clsx-2.1.1.tgz. Extracting by manifest.
506 silly tarball no local data for @supabase/supabase-js@https://registry.npmjs.org/@supabase/supabase-js/-/supabase-js-2.105.3.tgz. Extracting by manifest.
507 silly tarball no local data for tailwind-merge@https://registry.npmjs.org/tailwind-merge/-/tailwind-merge-3.5.0.tgz. Extracting by manifest.
508 silly tarball no local data for @supabase/ssr@https://registry.npmjs.org/@supabase/ssr/-/ssr-0.10.3.tgz. Extracting by manifest.
509 silly tarball no local data for immer@https://registry.npmjs.org/immer/-/immer-11.1.7.tgz. Extracting by manifest.
510 http fetch POST 200 https://registry.npmjs.org/-/npm/v1/security/advisories/bulk 236ms
511 silly audit report {
511 silly audit report   postcss: [
511 silly audit report     {
511 silly audit report       id: 1117015,
511 silly audit report       url: 'https://github.com/advisories/GHSA-qx2v-qp2m-jg93',
511 silly audit report       title: 'PostCSS has XSS via Unescaped </style> in its CSS Stringify Output',
511 silly audit report       severity: 'moderate',
511 silly audit report       vulnerable_versions: '<8.5.10',
511 silly audit report       cwe: [Array],
511 silly audit report       cvss: [Object]
511 silly audit report     }
511 silly audit report   ]
511 silly audit report }
512 silly packumentCache corgi:https://registry.npmjs.org/postcss cache-miss
513 http fetch GET 200 https://registry.npmjs.org/internmap/-/internmap-2.0.3.tgz 239ms (cache miss)
514 http fetch GET 200 https://registry.npmjs.org/d3-timer/-/d3-timer-3.0.1.tgz 240ms (cache miss)
515 http fetch GET 200 https://registry.npmjs.org/@types/d3-color/-/d3-color-3.1.3.tgz 240ms (cache miss)
516 http cache https://registry.npmjs.org/postcss 14ms (cache hit)
517 silly packumentCache corgi:https://registry.npmjs.org/postcss set size:343873 disposed:false
518 silly packumentCache corgi:https://registry.npmjs.org/next cache-miss
519 http fetch GET 200 https://registry.npmjs.org/d3-color/-/d3-color-3.1.0.tgz 247ms (cache miss)
520 http fetch GET 200 https://registry.npmjs.org/d3-time/-/d3-time-3.1.0.tgz 249ms (cache miss)
521 http cache https://registry.npmjs.org/next 29ms (cache hit)
522 silly packumentCache corgi:https://registry.npmjs.org/next set size:24929605 disposed:false
523 http fetch GET 200 https://registry.npmjs.org/@types/d3-shape/-/d3-shape-3.1.8.tgz 425ms (cache miss)
524 http fetch GET 200 https://registry.npmjs.org/d3-path/-/d3-path-3.1.0.tgz 427ms (cache miss)
525 http fetch GET 200 https://registry.npmjs.org/d3-time-format/-/d3-time-format-4.1.0.tgz 427ms (cache miss)
526 http fetch GET 200 https://registry.npmjs.org/@types/d3-interpolate/-/d3-interpolate-3.0.4.tgz 430ms (cache miss)
527 http fetch GET 200 https://registry.npmjs.org/@types/d3-time/-/d3-time-3.0.4.tgz 430ms (cache miss)
528 http fetch GET 200 https://registry.npmjs.org/redux-thunk/-/redux-thunk-3.1.0.tgz 430ms (cache miss)
529 http fetch GET 200 https://registry.npmjs.org/d3-shape/-/d3-shape-3.2.0.tgz 433ms (cache miss)
530 http fetch GET 200 https://registry.npmjs.org/@types/d3-array/-/d3-array-3.2.2.tgz 433ms (cache miss)
531 http fetch GET 200 https://registry.npmjs.org/@types/d3-scale/-/d3-scale-4.0.9.tgz 440ms (cache miss)
532 http fetch GET 200 https://registry.npmjs.org/@types/d3-ease/-/d3-ease-3.0.2.tgz 639ms (cache miss)
533 http fetch GET 200 https://registry.npmjs.org/use-sync-external-store/-/use-sync-external-store-1.6.0.tgz 638ms (cache miss)
534 http fetch GET 200 https://registry.npmjs.org/@types/use-sync-external-store/-/use-sync-external-store-0.0.6.tgz 639ms (cache miss)
535 http fetch GET 200 https://registry.npmjs.org/@standard-schema/spec/-/spec-1.1.0.tgz 679ms (cache miss)
536 http fetch GET 200 https://registry.npmjs.org/victory-vendor/-/victory-vendor-37.3.6.tgz 689ms (cache miss)
537 http fetch GET 200 https://registry.npmjs.org/redux/-/redux-5.0.1.tgz 732ms (cache miss)
538 http fetch GET 200 https://registry.npmjs.org/react-redux/-/react-redux-9.2.0.tgz 780ms (cache miss)
539 http fetch GET 200 https://registry.npmjs.org/@types/d3-timer/-/d3-timer-3.0.2.tgz 824ms (cache miss)
540 http fetch GET 200 https://registry.npmjs.org/d3-interpolate/-/d3-interpolate-3.0.1.tgz 825ms (cache miss)
541 http fetch GET 200 https://registry.npmjs.org/d3-format/-/d3-format-3.1.2.tgz 833ms (cache miss)
542 http fetch GET 200 https://registry.npmjs.org/decimal.js-light/-/decimal.js-light-2.5.1.tgz 852ms (cache miss)
543 http fetch GET 200 https://registry.npmjs.org/d3-ease/-/d3-ease-3.0.1.tgz 859ms (cache miss)
544 http fetch GET 200 https://registry.npmjs.org/tiny-invariant/-/tiny-invariant-1.3.3.tgz 869ms (cache miss)
545 http fetch GET 200 https://registry.npmjs.org/eventemitter3/-/eventemitter3-5.0.4.tgz 890ms (cache miss)
546 http fetch GET 200 https://registry.npmjs.org/d3-array/-/d3-array-3.2.4.tgz 1006ms (cache miss)
547 http fetch GET 200 https://registry.npmjs.org/motion-utils/-/motion-utils-12.36.0.tgz 1006ms (cache miss)
548 http fetch GET 200 https://registry.npmjs.org/iceberg-js/-/iceberg-js-0.8.1.tgz 1047ms (cache miss)
549 http fetch GET 200 https://registry.npmjs.org/ws/-/ws-8.20.0.tgz 1050ms (cache miss)
550 http fetch GET 200 https://registry.npmjs.org/@types/ws/-/ws-8.18.1.tgz 1078ms (cache miss)
551 http fetch GET 200 https://registry.npmjs.org/immer/-/immer-10.2.0.tgz 1082ms (cache miss)
552 http fetch GET 200 https://registry.npmjs.org/@supabase/phoenix/-/phoenix-0.4.1.tgz 1197ms (cache miss)
553 http fetch GET 200 https://registry.npmjs.org/@standard-schema/utils/-/utils-0.3.0.tgz 1215ms (cache miss)
554 http fetch GET 200 https://registry.npmjs.org/cookie/-/cookie-1.1.1.tgz 1242ms (cache miss)
555 http fetch GET 200 https://registry.npmjs.org/@supabase/functions-js/-/functions-js-2.105.3.tgz 1254ms (cache miss)
556 http fetch GET 200 https://registry.npmjs.org/@supabase/postgrest-js/-/postgrest-js-2.105.3.tgz 1294ms (cache miss)
557 http fetch GET 200 https://registry.npmjs.org/@supabase/storage-js/-/storage-js-2.105.3.tgz 1317ms (cache miss)
558 http fetch GET 200 https://registry.npmjs.org/class-variance-authority/-/class-variance-authority-0.7.1.tgz 1455ms (cache miss)
559 http fetch GET 200 https://registry.npmjs.org/clsx/-/clsx-2.1.1.tgz 1499ms (cache miss)
560 http fetch GET 200 https://registry.npmjs.org/es-toolkit/-/es-toolkit-1.46.1.tgz 1512ms (cache miss)
561 http fetch GET 200 https://registry.npmjs.org/@supabase/supabase-js/-/supabase-js-2.105.3.tgz 1607ms (cache miss)
562 http fetch GET 200 https://registry.npmjs.org/framer-motion/-/framer-motion-12.38.0.tgz 1769ms (cache miss)
563 http fetch GET 200 https://registry.npmjs.org/immer/-/immer-11.1.7.tgz 1770ms (cache miss)
564 http fetch GET 200 https://registry.npmjs.org/@supabase/ssr/-/ssr-0.10.3.tgz 1779ms (cache miss)
565 http fetch GET 200 https://registry.npmjs.org/@supabase/realtime-js/-/realtime-js-2.105.3.tgz 1822ms (cache miss)
566 http fetch GET 200 https://registry.npmjs.org/@supabase/auth-js/-/auth-js-2.105.3.tgz 1909ms (cache miss)
567 http fetch GET 200 https://registry.npmjs.org/motion-dom/-/motion-dom-12.38.0.tgz 1911ms (cache miss)
568 http fetch GET 200 https://registry.npmjs.org/tailwind-merge/-/tailwind-merge-3.5.0.tgz 1914ms (cache miss)
569 http fetch GET 200 https://registry.npmjs.org/@types/d3-path/-/d3-path-3.1.1.tgz 2068ms (cache miss)
570 http fetch GET 200 https://registry.npmjs.org/reselect/-/reselect-5.1.1.tgz 2321ms (cache miss)
571 http fetch GET 200 https://registry.npmjs.org/d3-scale/-/d3-scale-4.0.2.tgz 2327ms (cache miss)
572 http fetch GET 200 https://registry.npmjs.org/zustand/-/zustand-5.0.13.tgz 2518ms (cache miss)
573 http fetch GET 200 https://registry.npmjs.org/@reduxjs/toolkit/-/toolkit-2.11.2.tgz 2586ms (cache miss)
574 http fetch GET 200 https://registry.npmjs.org/recharts/-/recharts-3.8.1.tgz 2655ms (cache miss)
575 http fetch GET 200 https://registry.npmjs.org/lucide-react/-/lucide-react-1.14.0.tgz 2777ms (cache miss)
576 silly ADD node_modules/d3-path
577 silly ADD node_modules/d3-time-format
578 silly ADD node_modules/d3-format
579 silly ADD node_modules/d3-color
580 silly ADD node_modules/internmap
581 silly ADD node_modules/@types/d3-path
582 silly ADD node_modules/@types/d3-color
583 silly ADD node_modules/d3-timer
584 silly ADD node_modules/d3-time
585 silly ADD node_modules/d3-shape
586 silly ADD node_modules/d3-scale
587 silly ADD node_modules/d3-interpolate
588 silly ADD node_modules/d3-ease
589 silly ADD node_modules/d3-array
590 silly ADD node_modules/@types/d3-timer
591 silly ADD node_modules/@types/d3-time
592 silly ADD node_modules/@types/d3-shape
593 silly ADD node_modules/@types/d3-scale
594 silly ADD node_modules/@types/d3-interpolate
595 silly ADD node_modules/@types/d3-ease
596 silly ADD node_modules/@types/d3-array
597 silly ADD node_modules/@types/use-sync-external-store
598 silly ADD node_modules/redux-thunk
599 silly ADD node_modules/redux
600 silly ADD node_modules/@standard-schema/utils
601 silly ADD node_modules/@standard-schema/spec
602 silly ADD node_modules/victory-vendor
603 silly ADD node_modules/use-sync-external-store
604 silly ADD node_modules/tiny-invariant
605 silly ADD node_modules/reselect
606 silly ADD node_modules/react-redux
607 silly ADD node_modules/immer
608 silly ADD node_modules/eventemitter3
609 silly ADD node_modules/es-toolkit
610 silly ADD node_modules/decimal.js-light
611 silly ADD node_modules/@reduxjs/toolkit
612 silly ADD node_modules/@reduxjs/toolkit/node_modules/immer
613 silly ADD node_modules/motion-utils
614 silly ADD node_modules/motion-dom
615 silly ADD node_modules/iceberg-js
616 silly ADD node_modules/ws
617 silly ADD node_modules/@types/ws
618 silly ADD node_modules/@supabase/phoenix
619 silly ADD node_modules/@supabase/storage-js
620 silly ADD node_modules/@supabase/realtime-js
621 silly ADD node_modules/@supabase/postgrest-js
622 silly ADD node_modules/@supabase/functions-js
623 silly ADD node_modules/@supabase/auth-js
624 silly ADD node_modules/cookie
625 silly ADD node_modules/zustand
626 silly ADD node_modules/tailwind-merge
627 silly ADD node_modules/recharts
628 silly ADD node_modules/lucide-react
629 silly ADD node_modules/framer-motion
630 silly ADD node_modules/clsx
631 silly ADD node_modules/class-variance-authority
632 silly ADD node_modules/@supabase/supabase-js
633 silly ADD node_modules/@supabase/ssr
634 verbose cwd /Users/xxd/Desktop/today
635 verbose os Darwin 25.3.0
636 verbose node v24.15.0
637 verbose npm  v11.12.1
638 verbose exit 0
639 info ok
